10.10.10 INFO    hello world
10.10.10 WARN    something here
10.10.10 ERROR   error here
10.10.10 INFO    hello :)